// Jest Snapshot v1, https://goo.gl/fbAQLP

exports[`Index page <Index /> mounts properly 1`] = `
<h1>
  Index page
</h1>
`;
